// Jest Snapshot v1, https://goo.gl/fbAQLP

exports[`Icon component Default render 1`] = `
<i
  className="icon-more undefined"
/>
`;
